
Memory Configuration

Name             Origin             Length             Attributes
*default*        0x00000000         0xffffffff

Linker script and memory map

Address of section .text set to 0x50000
LOAD start.o
                0x00000000                __DYNAMIC = 0x0
                0x00000000                PROVIDE (__stack, 0x0)
                0x00001020                . = 0x1020

.text           0x00050000     0x1000
 CREATE_OBJECT_SYMBOLS
 *(.text)
 .text          0x00050000       0x58 start.o
                0x00050000                start
 *(.dynrel)
 *(.hash)
 *(.dynsym)
 *(.dynstr)
 *(.rules)
 *(.need)
                0x00050058                _etext = .
                0x00050058                __etext = .
                0x00051000                . = ALIGN (0x1000)

.data           0x00051000        0x0
 *(.dynamic)
 *(.got)
 *(.plt)
 *(.data)
 *(.linux-dynamic)
                0x00051000                _edata = .
                0x00051000                __edata = .

.bss            0x00051000        0x0
                0x00051000                __bss_start = .
 *(.bss)
 *(COMMON)
                0x00051000                . = ALIGN (0x4)
                0x00051000                _end = .
                0x00051000                __end = .
OUTPUT(a.out a.out-vax-netbsd)
