
Allocating common symbols
Common symbol       size              file

user_ptr            0x4               ccp.o
cmdfcb              0x24              ccp.o
subdma              0x80              ccp.o
bios_currentdrive   0x4               bios.o
bios_iobyte         0x4               bios.o
dirflag             0x4               ccp.o
ro_dsk              0x4               bdosmain.o
subprompt           0x4               ccp.o
bios_currenttrack   0x4               bios.o
subcom              0x84              ccp.o
log_dsk             0x4               bdosmain.o
bios_drivea_alv     0x20              bios.o
save_sub            0x84              ccp.o
tpa_lp              0x4               bdosmain.o
glb_index           0x4               ccp.o
tpa_ht              0x4               bdosmain.o
autorom             0x4               ccp.o
usercmd             0x84              arch.o
load_try            0x4               ccp.o
subfcb              0x24              ccp.o
bios_dirbuf         0x80              bios.o
bios_currentdmaaddress
                    0x4               bios.o
user                0x4               ccp.o
tail                0x4               ccp.o
tpa_lt              0x4               bdosmain.o
bios_drivea_csv     0x40              bios.o
first_sub           0x4               ccp.o
chainp              0x4               bdosmain.o
cur_disk            0x4               ccp.o
index               0x4               ccp.o
gbls                0xf0              bdosmain.o
crit_dsk            0x4               bdosmain.o
sub_user            0x4               ccp.o
chain_sub           0x4               ccp.o
end_of_file         0x4               ccp.o
sub_index           0x4               ccp.o
parm                0x78              ccp.o
dma                 0x84              ccp.o
bios_currentsector  0x4               bios.o
tpa_hp              0x4               bdosmain.o

Memory Configuration

Name             Origin             Length             Attributes
*default*        0x00000000         0xffffffff

Linker script and memory map

Address of section .text set to 0x100000
LOAD boot.o
LOAD bdosmain.o
LOAD bdosmisc.o
LOAD bdosrw.o
LOAD bios.o
LOAD ccp.o
LOAD conbdos.o
LOAD dskutil.o
LOAD fileio.o
LOAD iosys.o
LOAD bdosPLM.o
LOAD arch.o
                0x00000000                __DYNAMIC = 0x0
                0x00000000                PROVIDE (__stack, 0x0)
                0x00001020                . = 0x1020

.text           0x00100000     0x50b0
 CREATE_OBJECT_SYMBOLS
 *(.text)
 .text          0x00100000      0x600 boot.o
                0x00100060                traphndl
                0x00100000                start
                0x00100070                halt
 .text          0x00100600      0x4fc bdosmain.o
                0x00100ac0                tmp_sel
                0x00100600                _bdos
 .text          0x00100afc      0x5b0 bdosmisc.o
                0x00100c8c                prt_err
                0x00100b4e                bdosinit
                0x00101056                set_tpa
                0x00100cb8                abrt_err
                0x00100be6                warmboot
                0x00100e4a                ro_err
                0x00100f7a                error
                0x00100d4a                ext_err
                0x00100fea                setexc
 .text          0x001010ac      0x534 bdosrw.o
                0x001010ac                blkindx
                0x001010fc                blknum
                0x001013e6                bdosrw
                0x00101318                calcext
                0x00101156                setblk
                0x001011aa                do_io
                0x001013a0                get_rc
                0x00101204                new_ext
 .text          0x001015e0      0x200 bios.o
                0x00101666                bios_seldsk
                0x001017c6                bios_setiobyte
                0x00101718                bios_write
                0x00101654                bios_reader
                0x001017d2                bios_flush
                0x001015e6                bios_wboot
                0x0010169e                bios_setdma
                0x001017ac                bios_getmrt
                0x001017b8                bios_getiobyte
                0x001017d8                bios_setexc
                0x00101692                bios_setsec
                0x0010165c                bios_home
                0x00101608                bios_conin
                0x0010164c                bios_list
                0x001015e0                bios_boot
                0x00101686                bios_settrk
                0x0010178e                bios_sectran
                0x001015f0                bios_const
                0x00101650                bios_punch
                0x00101786                bios_listst
                0x00101628                bios_conout
                0x001016aa                bios_read
 .text          0x001017e0     0x1f3c ccp.o
                0x0010239c                ren_cmd
                0x00101d68                true_char
                0x0010306c                translate
                0x001018c4                prompt
                0x0010183a                strcmp
                0x0010199c                decode
                0x00101c58                scan_cmd
                0x0010193c                echo_cmd
                0x0010228e                type_cmd
                0x001033bc                execute_cmd
                0x00102d8c                sub_read
                0x00102db0                dollar
                0x001027ee                user_cmd
                0x001028ac                cmd_file
                0x00102076                dir_cmd
                0x00102026                chk_colon
                0x00101874                copy_cmd
                0x0010181c                cpy
                0x001032b2                submit_cmd
                0x00101d32                delim
                0x00101b84                get_cmd
                0x001026d4                era_cmd
                0x00101b0c                check_cmd
                0x00101ff2                find_colon
                0x00101d94                fill_fcb
                0x00102f76                comments
                0x00101c8a                get_parms
                0x00103508                ccp
                0x00101fc4                too_many
                0x00101802                cr_lf
 .text          0x0010371c      0x4ac conbdos.o
                0x0010373a                conbrk
                0x00103a16                readline
                0x001038d8                conin
                0x0010371c                constat
                0x0010384a                cookdout
                0x00103910                rawconio
                0x00103972                newline
                0x00103884                getch
                0x001037bc                conout
                0x0010399c                backsp
                0x00103952                prt_line
                0x00103816                tabout
 .text          0x00103bc8      0x474 dskutil.o
                0x00103c5c                dir_rd
                0x00103bc8                rdwrt
                0x00103ef8                clraloc
                0x00103fc4                getaloc
                0x00103cd6                dchksum
                0x00103c84                dir_wr
                0x00103f72                chkaloc
                0x00103d10                dirscan
                0x00103e88                setaloc
 *fill*         0x0010403c        0x4 00
 .text          0x00104040      0x970 fileio.o
                0x00104260                match
                0x001044fe                matchit
                0x0010483c                fsize
                0x001042e6                openfile
                0x00104340                flushit
                0x00104780                set_attr
                0x00104040                alloc
                0x001047d6                extsize
                0x00104520                search
                0x001047fe                setran
                0x0010462e                delete
                0x001048a2                getsize
                0x00104918                free_sp
                0x001046fe                rename
                0x0010459e                create
                0x001040e0                seldsk
                0x0010423a                move
                0x001044ec                alltrue
                0x001044bc                close_fi
                0x0010437c                close
 .text          0x001049b0       0xfc iosys.o
                0x001049b0                do_phio
 *fill*         0x00104aac        0x4 00
 .text          0x00104ab0      0x600 arch.o
                0x00104e42                pgmld
                0x00104fa6                bios_exception
                0x00104b3a                swap
                0x00104fb6                initexc
                0x00104b10                udiv
                0x00104fba                load68k
                0x00104ace                bios_outhex
                0x00104dd0                bdos_EnterProgram
                0x00104fc0                bios_LoadVax
                0x00104df0                bdos
                0x00104c06                bdos_DirectBiosCall
                0x00104b9e                entry
                0x00104ab0                bios_outzstring
 *(.dynrel)
 *(.hash)
 *(.dynsym)
 *(.dynstr)
 *(.rules)
 *(.need)
                0x001050b0                _etext = .
                0x001050b0                __etext = .
                0x001050b0                . = .

.data           0x001050b0    0x3eb70
 *(.dynamic)
 *(.got)
 *(.plt)
 *(.data)
 .data          0x001050b0        0xc bdosmisc.o
                0x001050b0                copyrt
                0x001050b4                serial
                0x001050b8                warning
 *fill*         0x001050bc        0x4 00
 .data          0x001050c0       0x68 bios.o
                0x001050c0                bios_8inch_dpb
                0x0010511e                bios_mrt
                0x00105104                bios_8inch_dph
                0x001050d0                bios_8inch_xlt
 .data          0x00105128      0x1c0 ccp.o
                0x00105128                cmd_tbl
                0x001052a2                lderr3
                0x00105248                msg13
                0x0010521b                msg11
                0x001051fa                msg9
                0x00105184                msg3
                0x00105158                msg
                0x001051c6                msg7
                0x00105172                msg2
                0x0010525e                lderr1
                0x001051dd                msg8
                0x00105196                msg4
                0x001052d7                del
                0x00105230                msg12
                0x001051a8                msg5
                0x001052c3                lderror
                0x001051bd                msg6
                0x0010520a                msg10
                0x00105286                lderr2
 .data          0x001052e8    0x3e900 bdosPLM.o
                0x001052e8                bios_diskimage
 .data          0x00143be8       0x34 arch.o
                0x00143c04                autost
                0x00143c05                load_tbl
                0x00143c02                submit
                0x00143c03                morecmds
 *(.linux-dynamic)
                0x00143c1c                _edata = .
                0x00143c1c                __edata = .

.bss            0x00143c20      0x5bc
                0x00143c20                __bss_start = .
 *(.bss)
 .bss           0x00143c20        0x4 iosys.o
 *fill*         0x00143c24        0x4 00
 .bss           0x00143c28        0x4 arch.o
 *(COMMON)
 *fill*         0x00143c2c        0x4 00
 COMMON         0x00143c30      0x110 bdosmain.o
                                  0x0 (size before relaxing)
                0x00143c30                ro_dsk
                0x00143c34                log_dsk
                0x00143c38                tpa_lp
                0x00143c3c                tpa_ht
                0x00143c40                tpa_lt
                0x00143c44                chainp
                0x00143c48                gbls
                0x00143d38                crit_dsk
                0x00143d3c                tpa_hp
 COMMON         0x00143d40       0xfc bios.o
                                  0x0 (size before relaxing)
                0x00143d40                bios_currentdrive
                0x00143d44                bios_iobyte
                0x00143d48                bios_currenttrack
                0x00143d50                bios_drivea_alv
                0x00143d70                bios_dirbuf
                0x00143df0                bios_currentdmaaddress
                0x00143df8                bios_drivea_csv
                0x00143e38                bios_currentsector
 *fill*         0x00143e3c        0x4 00
 COMMON         0x00143e40      0x314 ccp.o
                                  0x0 (size before relaxing)
                0x00143e40                user_ptr
                0x00143e48                cmdfcb
                0x00143e70                subdma
                0x00143ef0                dirflag
                0x00143ef4                subprompt
                0x00143ef8                subcom
                0x00143f80                save_sub
                0x00144004                glb_index
                0x00144008                autorom
                0x0014400c                load_try
                0x00144010                subfcb
                0x00144034                user
                0x00144038                tail
                0x0014403c                first_sub
                0x00144040                cur_disk
                0x00144044                index
                0x00144048                sub_user
                0x0014404c                chain_sub
                0x00144050                end_of_file
                0x00144054                sub_index
                0x00144058                parm
                0x001440d0                dma
 *fill*         0x00144154        0x4 00
 COMMON         0x00144158       0x84 arch.o
                                  0x0 (size before relaxing)
                0x00144158                usercmd
                0x001441dc                . = ALIGN (0x4)
                0x001441dc                _end = .
                0x001441dc                __end = .
OUTPUT(cpm.aout a.out-vax-netbsd)
